[klariselaundry.co.id/index5e0c.html]
[backblue.gif]
[fade.gif]
[index.html]
[klariselaundry.co.id/wp-content/plugins/whatsapp-wp/assets/dist/css/style109c.css]
[klariselaundry.co.id/wp-content/themes/busia/assets/css/busia-all.mina8c0.css]
[klariselaundry.co.id/feed/index.html]
[klariselaundry.co.id/comments/feed/index.html]
[klariselaundry.co.id/index.html]
[klariselaundry.co.id/wp-content/plugins/elementor/assets/lib/swiper/v8/css/swiper.min94a4.css]
[klariselaundry.co.id/wp-content/themes/busia/assets/css/busia-menua8c0.css]
[klariselaundry.co.id/wp-content/themes/busia/assets/css/busia-customa8c0.css]
[klariselaundry.co.id/wp-content/themes/busia/stylea8c0.css]
[klariselaundry.co.id/wp-content/plugins/3d-flipbook-dflip-lite/assets/css/dflip.mincf4c.css]
[klariselaundry.co.id/wp-content/plugins/elementor/assets/css/frontend-lite.min5f06.css]
[klariselaundry.co.id/wp-content/uploads/elementor/css/post-1185478.css]
[klariselaundry.co.id/wp-content/plugins/elementor-pro/assets/css/frontend-lite.min08e6.css]
[klariselaundry.co.id/wp-content/plugins/elementor/assets/lib/font-awesome/css/all.min5f06.css]
[klariselaundry.co.id/wp-content/plugins/elementor/assets/lib/font-awesome/css/v4-shims.min5f06.css]
[klariselaundry.co.id/wp-content/uploads/elementor/css/post-287b3ff.css]
[klariselaundry.co.id/wp-content/uploads/elementor/css/post-412b594.css]
[klariselaundry.co.id/wp-content/uploads/elementor/css/post-442b594.css]
[klariselaundry.co.id/wp-includes/js/jquery/jquery.minf43b.js]
[klariselaundry.co.id/wp-includes/js/jquery/jquery-migrate.min5589.js]
[klariselaundry.co.id/wp-content/plugins/elementor/assets/lib/font-awesome/js/v4-shims.min5f06.js]
[klariselaundry.co.id/wp-json/index.html]
[klariselaundry.co.id/wp-json/wp/v2/pages/287.json]
[klariselaundry.co.id/wp-json/oembed/1.0/embed6bad.json]
[klariselaundry.co.id/wp-json/oembed/1.0/embede487]
[klariselaundry.co.id/wp-content/uploads/2024/06/cropped-Klarise-logo-biru-32x32.png]
[klariselaundry.co.id/wp-content/uploads/2024/06/cropped-Klarise-logo-biru-192x192.png]
[klariselaundry.co.id/wp-content/uploads/2024/06/cropped-Klarise-logo-biru-180x180.png]
[klariselaundry.co.id/wp-content/plugins/elementor-pro/assets/css/widget-nav-menu.min.css]
[klariselaundry.co.id/about/index.html]
[klariselaundry.co.id/layanan-setrika-only/index.html]
[klariselaundry.co.id/layanan-cuci-kering-lipat/index.html]
[klariselaundry.co.id/service/index.html]
[klariselaundry.co.id/wp-content/uploads/2024/06/Klarise-logo-biru.png]
[klariselaundry.co.id/wp-content/uploads/2024/06/Klarise-logo-biru-1.png]
[klariselaundry.co.id/layanan-cuci-kering-setrika/index.html]
[klariselaundry.co.id/wp-content/plugins/elementor/assets/css/widget-icon-list.min.css]
[klariselaundry.co.id/wp-content/plugins/elementor-pro/assets/css/widget-flip-box.min.css]
[klariselaundry.co.id/contact/index.html]
[klariselaundry.co.id/wp-content/uploads/2024/06/Artboard-1.png]
[klariselaundry.co.id/wp-content/uploads/2024/06/Artboard-1_6.png]
[klariselaundry.co.id/wp-content/uploads/2024/06/Artboard-1_12.png]
[klariselaundry.co.id/wp-content/uploads/2024/06/Artboard-1_5.png]
[klariselaundry.co.id/wp-content/uploads/2024/06/Artboard-1_11.png]
[klariselaundry.co.id/wp-content/uploads/2024/06/Artboard-1_4.png]
[klariselaundry.co.id/wp-content/uploads/2024/06/Artboard-1_10.png]
[klariselaundry.co.id/wp-content/uploads/2024/06/Artboard-1_3.png]
[klariselaundry.co.id/wp-content/uploads/2024/06/Artboard-1_9.png]
[klariselaundry.co.id/wp-content/uploads/2024/06/Artboard-1_2.png]
[klariselaundry.co.id/wp-content/uploads/2024/06/banner1.png]
[klariselaundry.co.id/wp-content/plugins/elementor/assets/css/widget-icon-box.min.css]
[klariselaundry.co.id/wp-content/plugins/elementor-pro/assets/css/widget-carousel.min.css]
[klariselaundry.co.id/wp-content/uploads/2024/06/Ayu-Lestari.jpg]
[klariselaundry.co.id/wp-content/uploads/2024/06/Citra-Dewi.jpg]
[klariselaundry.co.id/wp-content/uploads/2024/06/Maya-Puspita.jpg]
[klariselaundry.co.id/wp-content/uploads/2024/06/Nugraha-Putra.jpg]
[klariselaundry.co.id/wp-content/uploads/2024/06/Mardianto.jpg]
[klariselaundry.co.id/wp-content/uploads/2024/06/klarise.png]
[klariselaundry.co.id/wp-content/uploads/2024/06/Logo-Klarise-Laundry.png]
[klariselaundry.co.id/privacy-policy/index.html]
[klariselaundry.co.id/wp-content/plugins/elementor/assets/lib/animations/animations.min5f06.css]
[klariselaundry.co.id/term-of-services/index.html]
[klariselaundry.co.id/wp-content/plugins/elementor/assets/lib/e-gallery/css/e-gallery.min7359.css]
[klariselaundry.co.id/wp-content/uploads/elementor/css/post-424b594.css]
[klariselaundry.co.id/wp-content/plugins/whatsapp-wp/assets/dist/js/njt-whatsappee9a.js]
[klariselaundry.co.id/wp-content/plugins/whatsapp-wp/assets/js/whatsapp-buttonee9a.js]
[klariselaundry.co.id/wp-content/plugins/wp-statistics/assets/js/trackere24f.js]
[klariselaundry.co.id/wp-content/themes/busia/assets/js/busia-customa8c0.js]
[klariselaundry.co.id/wp-content/themes/busia/assets/js/swiper.mina8c0.js]
[klariselaundry.co.id/wp-content/themes/busia/assets/js/popper.mina8c0.js]
[klariselaundry.co.id/wp-content/themes/busia/assets/js/bootstrap.mina8c0.js]
[klariselaundry.co.id/wp-includes/js/underscore.mind584.js]
[klariselaundry.co.id/wp-content/themes/busia/assets/js/menu-vendora8c0.js]
[klariselaundry.co.id/wp-includes/js/wp-util.min109c.js]
[klariselaundry.co.id/wp-content/themes/busia/assets/js/busia-appa8c0.js]
[klariselaundry.co.id/wp-content/themes/busia/assets/js/busia-vertical-menua8c0.js]
[klariselaundry.co.id/wp-content/themes/busia/assets/js/jquery.matchHeight-mina8c0.js]
[klariselaundry.co.id/wp-content/themes/busia/assets/js/popup-videoa8c0.js]
[klariselaundry.co.id/wp-content/themes/busia/assets/js/fancy-boxa8c0.js]
[klariselaundry.co.id/wp-content/themes/busia/assets/js/sweetalert.mina8c0.js]
[klariselaundry.co.id/wp-content/themes/busia/assets/js/ajax_add_to_carta8c0.js]
[klariselaundry.co.id/wp-content/plugins/elementor-pro/assets/lib/smartmenus/jquery.smartmenus.min1576.js]
[klariselaundry.co.id/wp-content/plugins/3d-flipbook-dflip-lite/assets/js/dflip.mincf4c.js]
[klariselaundry.co.id/wp-content/plugins/elementor/assets/lib/e-gallery/js/e-gallery.min7359.js]
[klariselaundry.co.id/wp-content/plugins/elementor/assets/lib/jquery-numerator/jquery-numerator.min3958.js]
[klariselaundry.co.id/wp-includes/js/imagesloaded.minbb93.js]
[klariselaundry.co.id/wp-content/plugins/whatsapp-wp/assets/js/whatsapp-popup109c.js]
[klariselaundry.co.id/wp-content/plugins/elementor-pro/assets/js/webpack-pro.runtime.min08e6.js]
[klariselaundry.co.id/wp-content/plugins/elementor/assets/js/webpack.runtime.min5f06.js]
[klariselaundry.co.id/wp-content/plugins/elementor/assets/js/frontend-modules.min5f06.js]
[klariselaundry.co.id/wp-includes/js/dist/hooks.min2757.js]
[klariselaundry.co.id/wp-includes/js/dist/i18n.minc33c.js]
[klariselaundry.co.id/wp-content/plugins/elementor-pro/assets/js/frontend.min08e6.js]
[klariselaundry.co.id/wp-content/plugins/elementor/assets/lib/waypoints/waypoints.min05da.js]
[klariselaundry.co.id/wp-includes/js/jquery/ui/core.minb37e.js]
[klariselaundry.co.id/wp-content/plugins/elementor/assets/js/frontend.min5f06.js]
[klariselaundry.co.id/wp-content/plugins/elementor-pro/assets/js/elements-handlers.min08e6.js]
[klariselaundry.co.id/wp-content/plugins/elementor-pro/assets/lib/sticky/jquery.sticky.min08e6.js]
[klariselaundry.co.id/wp-content/plugins/litespeed-cache/guest.vary.html]
[klariselaundry.co.id/index5e0c.html]
[klariselaundry.co.id/wp-content/themes/busia/assets/css/busia-all.min63c8.css]
[klariselaundry.co.id/wp-content/themes/busia/assets/css/busia-menu63c8.css]
[klariselaundry.co.id/wp-content/themes/busia/assets/css/busia-custom63c8.css]
[klariselaundry.co.id/wp-content/themes/busia/style63c8.css]
[klariselaundry.co.id/wp-content/themes/busia/assets/js/busia-custom63c8.js]
[klariselaundry.co.id/wp-content/themes/busia/assets/js/swiper.min63c8.js]
[klariselaundry.co.id/wp-content/themes/busia/assets/js/popper.min63c8.js]
[klariselaundry.co.id/wp-content/themes/busia/assets/js/bootstrap.min63c8.js]
[klariselaundry.co.id/wp-content/themes/busia/assets/js/busia-app63c8.js]
[klariselaundry.co.id/wp-content/themes/busia/assets/js/menu-vendor63c8.js]
[klariselaundry.co.id/wp-content/themes/busia/assets/js/busia-vertical-menu63c8.js]
[klariselaundry.co.id/wp-content/themes/busia/assets/js/jquery.matchHeight-min63c8.js]
[klariselaundry.co.id/wp-content/themes/busia/assets/js/popup-video63c8.js]
[klariselaundry.co.id/wp-content/themes/busia/assets/js/fancy-box63c8.js]
[klariselaundry.co.id/wp-content/themes/busia/assets/js/sweetalert.min63c8.js]
[klariselaundry.co.id/wp-content/themes/busia/assets/js/ajax_add_to_cart63c8.js]
[klariselaundry.co.id/index.html]
[klariselaundry.co.id/wp-content/plugins/whatsapp-wp/assets/dist/css/style109c.css]
[klariselaundry.co.id/wp-content/themes/busia/assets/css/busia-all.mina8c0.css]
[klariselaundry.co.id/wp-content/plugins/elementor/assets/lib/swiper/v8/css/swiper.min94a4.css]
[klariselaundry.co.id/wp-content/themes/busia/assets/images/customizer/chevron-down.svg]
[klariselaundry.co.id/wp-content/themes/busia/assets/css/service-box-img/search-white.svg]
[klariselaundry.co.id/wp-content/themes/busia/assets/css/busia-menua8c0.css]
[klariselaundry.co.id/wp-content/themes/busia/assets/images/customizer/search-white.svg]
[klariselaundry.co.id/wp-content/themes/busia/assets/images/customizer/chat.svg]
[klariselaundry.co.id/wp-content/themes/busia/assets/images/customizer/chevron-right.svg]
[klariselaundry.co.id/wp-content/themes/busia/assets/images/customizer/chevron-left.svg]
[klariselaundry.co.id/wp-content/themes/busia/assets/images/customizer/check-w.svg]
[klariselaundry.co.id/wp-content/themes/busia/assets/images/heart-woocommerce.svg]
[klariselaundry.co.id/wp-content/themes/busia/assets/images/eye-woocommerce.svg]
[klariselaundry.co.id/wp-content/themes/busia/assets/images/heart-woocommerce-white.svg]
[klariselaundry.co.id/wp-content/themes/busia/assets/images/eye-woocommerce-white.svg]
[klariselaundry.co.id/wp-content/themes/busia/assets/images/shopping-bag-woocommerce-white.svg]
[klariselaundry.co.id/wp-content/themes/busia/assets/images/shopping-bag-woocommerce.svg]
[klariselaundry.co.id/wp-content/themes/busia/assets/images/customizer/plus.svg]
[klariselaundry.co.id/wp-content/themes/busia/assets/images/customizer/minus.svg]
[klariselaundry.co.id/wp-content/themes/busia/assets/images/tick.png]
[klariselaundry.co.id/wp-content/themes/busia/assets/images/chevron-down.svg]
[klariselaundry.co.id/wp-content/themes/busia/assets/images/customizer/pin-icon.svg]
[klariselaundry.co.id/wp-content/themes/busia/assets/images/customizer/hm4-hiphen.jpg]
[klariselaundry.co.id/wp-content/themes/busia/assets/images/customizer/chevron-left-blue.svg]
[klariselaundry.co.id/wp-content/themes/busia/assets/images/customizer/chevron-left-wht-one.svg]
[klariselaundry.co.id/wp-content/themes/busia/assets/images/customizer/chevron-right-blue.svg]
[klariselaundry.co.id/wp-content/themes/busia/assets/images/customizer/chevron-right-wht-one.svg]
[klariselaundry.co.id/wp-content/themes/busia/assets/css/busia-customa8c0.css]
[klariselaundry.co.id/wp-content/themes/busia/stylea8c0.css]
[klariselaundry.co.id/wp-content/plugins/3d-flipbook-dflip-lite/assets/css/dflip.mincf4c.css]
[klariselaundry.co.id/wp-content/plugins/elementor/assets/css/frontend-lite.min5f06.css]
[klariselaundry.co.id/wp-content/uploads/2024/06/rexton-black.eot]
[klariselaundry.co.id/wp-content/uploads/2024/06/rexton-blackd41d.eot]
[klariselaundry.co.id/wp-content/uploads/2024/06/rexton-black.woff2]
[klariselaundry.co.id/wp-content/uploads/2024/06/rexton-black.woff]
[klariselaundry.co.id/wp-content/uploads/elementor/css/post-1185478.css]
[klariselaundry.co.id/wp-content/plugins/elementor-pro/assets/css/frontend-lite.min08e6.css]
[klariselaundry.co.id/wp-content/plugins/elementor/assets/lib/font-awesome/webfonts/fa-brands-400.eot]
[klariselaundry.co.id/wp-content/plugins/elementor/assets/lib/font-awesome/webfonts/fa-brands-400d41d.eot]
[klariselaundry.co.id/wp-content/plugins/elementor/assets/lib/font-awesome/webfonts/fa-brands-400.woff2]
[klariselaundry.co.id/wp-content/plugins/elementor/assets/lib/font-awesome/webfonts/fa-brands-400.woff]
[klariselaundry.co.id/wp-content/plugins/elementor/assets/lib/font-awesome/webfonts/fa-brands-400.ttf]
[klariselaundry.co.id/wp-content/plugins/elementor/assets/lib/font-awesome/webfonts/fa-brands-400.svg]
[klariselaundry.co.id/wp-content/plugins/elementor/assets/lib/font-awesome/webfonts/fa-regular-400.eot]
[klariselaundry.co.id/wp-content/plugins/elementor/assets/lib/font-awesome/webfonts/fa-regular-400d41d.eot]
[klariselaundry.co.id/wp-content/plugins/elementor/assets/lib/font-awesome/webfonts/fa-regular-400.woff2]
[klariselaundry.co.id/wp-content/plugins/elementor/assets/lib/font-awesome/webfonts/fa-regular-400.woff]
[klariselaundry.co.id/wp-content/plugins/elementor/assets/lib/font-awesome/webfonts/fa-regular-400.ttf]
[klariselaundry.co.id/wp-content/plugins/elementor/assets/lib/font-awesome/webfonts/fa-regular-400.svg]
[klariselaundry.co.id/wp-content/plugins/elementor/assets/lib/font-awesome/webfonts/fa-solid-900.eot]
[klariselaundry.co.id/wp-content/plugins/elementor/assets/lib/font-awesome/webfonts/fa-solid-900d41d.eot]
[klariselaundry.co.id/wp-content/plugins/elementor/assets/lib/font-awesome/webfonts/fa-solid-900.woff2]
[klariselaundry.co.id/wp-content/plugins/elementor/assets/lib/font-awesome/webfonts/fa-solid-900.woff]
[klariselaundry.co.id/wp-content/plugins/elementor/assets/lib/font-awesome/webfonts/fa-solid-900.ttf]
[klariselaundry.co.id/wp-content/plugins/elementor/assets/lib/font-awesome/css/all.min5f06.css]
[klariselaundry.co.id/wp-content/plugins/elementor/assets/lib/font-awesome/css/v4-shims.min5f06.css]
[klariselaundry.co.id/wp-content/plugins/elementor/assets/lib/font-awesome/webfonts/fa-solid-900.svg]
[klariselaundry.co.id/wp-content/uploads/2024/06/Klarise-Laundry-2-1-1.jpg]
[klariselaundry.co.id/wp-content/uploads/2024/06/service-1.jpg]
[klariselaundry.co.id/wp-content/uploads/2024/06/service-3.jpg]
[klariselaundry.co.id/wp-content/uploads/2024/06/service-2.jpg]
[klariselaundry.co.id/wp-content/uploads/2024/06/08-1024x1024.jpg]
[klariselaundry.co.id/wp-content/uploads/elementor/css/post-287b3ff.css]
[klariselaundry.co.id/wp-content/uploads/elementor/css/post-412b594.css]
[klariselaundry.co.id/wp-content/uploads/elementor/css/post-442b594.css]
[klariselaundry.co.id/xmlrpc0db0.html]
[www.googletagmanager.com/gtm5445.html]
[klariselaundry.co.id/wp-content/plugins/elementor-pro/assets/css/widget-nav-menu.min.css]
[klariselaundry.co.id/wp-content/themes/busia/assets/css/busia-all.min8c6f.css]
[klariselaundry.co.id/wp-content/themes/busia/assets/css/busia-menu8c6f.css]
[klariselaundry.co.id/wp-content/themes/busia/assets/css/busia-custom8c6f.css]
[klariselaundry.co.id/wp-content/themes/busia/style8c6f.css]
[klariselaundry.co.id/wp-content/uploads/elementor/css/post-1414eed.css]
[klariselaundry.co.id/wp-json/wp/v2/pages/141.json]
[klariselaundry.co.id/wp-json/oembed/1.0/embed1810.json]
[klariselaundry.co.id/wp-json/oembed/1.0/embed9abd]
[klariselaundry.co.id/wp-content/uploads/2024/06/tentang-klarise-laundry.png]
[klariselaundry.co.id/wp-content/uploads/2024/06/logo-ajak.png]
[klariselaundry.co.id/wp-content/uploads/2024/06/thumbnail-compro.jpg]
[klariselaundry.co.id/wp-content/uploads/2024/06/layanan-klarise-laundry.png]
[klariselaundry.co.id/about/https_/klariselaundry.co.id/wp-content/uploads/2024/06/paxi.png]
[klariselaundry.co.id/about/https_/klariselaundry.co.id/wp-content/uploads/2024/06/Serene.jpg]
[klariselaundry.co.id/about/https_/klariselaundry.co.id/wp-content/uploads/2024/06/urabnview.png]
[klariselaundry.co.id/about/https_/klariselaundry.co.id/wp-content/uploads/2024/06/Jessica-Beauty-Klinik.jpeg]
[klariselaundry.co.id/about/https_/klariselaundry.co.id/wp-content/uploads/2024/06/PAxi1.png]
[klariselaundry.co.id/about/https_/klariselaundry.co.id/wp-content/uploads/2024/06/yi-tiao-xian.png]
[klariselaundry.co.id/about/https_/klariselaundry.co.id/wp-content/uploads/2024/06/pop-my-nail.png]
[klariselaundry.co.id/about/https_/klariselaundry.co.id/wp-content/uploads/2024/06/fivestar.png]
[klariselaundry.co.id/about/https_/klariselaundry.co.id/wp-content/uploads/2024/06/bamboo.png]
[klariselaundry.co.id/wp-content/uploads/2024/06/tentang-kami-klarise-laundry.png]
[klariselaundry.co.id/wp-content/themes/busia/assets/js/busia-custom8c6f.js]
[klariselaundry.co.id/wp-content/themes/busia/assets/js/swiper.min8c6f.js]
[klariselaundry.co.id/wp-content/themes/busia/assets/js/popper.min8c6f.js]
[klariselaundry.co.id/wp-content/themes/busia/assets/js/bootstrap.min8c6f.js]
[klariselaundry.co.id/wp-content/themes/busia/assets/js/menu-vendor8c6f.js]
[klariselaundry.co.id/wp-content/themes/busia/assets/js/busia-app8c6f.js]
[klariselaundry.co.id/wp-content/themes/busia/assets/js/busia-vertical-menu8c6f.js]
[klariselaundry.co.id/wp-content/themes/busia/assets/js/jquery.matchHeight-min8c6f.js]
[klariselaundry.co.id/wp-content/themes/busia/assets/js/popup-video8c6f.js]
[klariselaundry.co.id/wp-content/themes/busia/assets/js/fancy-box8c6f.js]
[klariselaundry.co.id/wp-content/themes/busia/assets/js/sweetalert.min8c6f.js]
[klariselaundry.co.id/wp-content/themes/busia/assets/js/ajax_add_to_cart8c6f.js]
[klariselaundry.co.id/about/index.html]
[klariselaundry.co.id/wp-content/themes/busia/assets/css/busia-all.min423c.css]
[klariselaundry.co.id/wp-content/themes/busia/assets/css/busia-menu423c.css]
[klariselaundry.co.id/wp-content/themes/busia/assets/css/busia-custom423c.css]
[klariselaundry.co.id/wp-content/themes/busia/style423c.css]
[klariselaundry.co.id/wp-content/uploads/elementor/css/post-631f85d.css]
[klariselaundry.co.id/wp-json/wp/v2/pages/631.json]
[klariselaundry.co.id/wp-json/oembed/1.0/embede31c.json]
[klariselaundry.co.id/wp-json/oembed/1.0/embedf710]
[klariselaundry.co.id/wp-content/uploads/2024/06/layanan-laundry-cuci-kering-1x24-jam.jpg]
[klariselaundry.co.id/wp-content/uploads/2024/06/Why-Laundry.jpg]
[klariselaundry.co.id/wp-content/themes/busia/assets/js/busia-custom423c.js]
[klariselaundry.co.id/wp-content/themes/busia/assets/js/swiper.min423c.js]
[klariselaundry.co.id/wp-content/themes/busia/assets/js/popper.min423c.js]
[klariselaundry.co.id/wp-content/themes/busia/assets/js/bootstrap.min423c.js]
[klariselaundry.co.id/wp-content/themes/busia/assets/js/menu-vendor423c.js]
[klariselaundry.co.id/wp-content/themes/busia/assets/js/busia-app423c.js]
[klariselaundry.co.id/wp-content/themes/busia/assets/js/busia-vertical-menu423c.js]
[klariselaundry.co.id/wp-content/themes/busia/assets/js/jquery.matchHeight-min423c.js]
[klariselaundry.co.id/wp-content/themes/busia/assets/js/popup-video423c.js]
[klariselaundry.co.id/wp-content/themes/busia/assets/js/fancy-box423c.js]
[klariselaundry.co.id/wp-content/themes/busia/assets/js/sweetalert.min423c.js]
[klariselaundry.co.id/wp-content/themes/busia/assets/js/ajax_add_to_cart423c.js]
[klariselaundry.co.id/layanan-cuci-kering-setrika/index.html]
[klariselaundry.co.id/wp-content/themes/busia/assets/css/busia-all.min8941.css]
[klariselaundry.co.id/wp-content/themes/busia/assets/css/busia-menu8941.css]
[klariselaundry.co.id/wp-content/themes/busia/assets/css/busia-custom8941.css]
[klariselaundry.co.id/wp-content/themes/busia/style8941.css]
[klariselaundry.co.id/wp-content/uploads/elementor/css/post-673d7ff.css]
[klariselaundry.co.id/wp-json/wp/v2/pages/673.json]
[klariselaundry.co.id/wp-json/oembed/1.0/embedacae.json]
[klariselaundry.co.id/wp-json/oembed/1.0/embed7361]
[klariselaundry.co.id/wp-content/uploads/2024/06/Layanan-cuci-kering-lipat-laundry-1x24-jam.jpg]
[klariselaundry.co.id/wp-content/themes/busia/assets/js/busia-custom8941.js]
[klariselaundry.co.id/wp-content/themes/busia/assets/js/swiper.min8941.js]
[klariselaundry.co.id/wp-content/themes/busia/assets/js/popper.min8941.js]
[klariselaundry.co.id/wp-content/themes/busia/assets/js/bootstrap.min8941.js]
[klariselaundry.co.id/wp-content/themes/busia/assets/js/menu-vendor8941.js]
[klariselaundry.co.id/wp-content/themes/busia/assets/js/busia-app8941.js]
[klariselaundry.co.id/wp-content/themes/busia/assets/js/busia-vertical-menu8941.js]
[klariselaundry.co.id/wp-content/themes/busia/assets/js/jquery.matchHeight-min8941.js]
[klariselaundry.co.id/wp-content/themes/busia/assets/js/popup-video8941.js]
[klariselaundry.co.id/wp-content/themes/busia/assets/js/fancy-box8941.js]
[klariselaundry.co.id/wp-content/themes/busia/assets/js/sweetalert.min8941.js]
[klariselaundry.co.id/wp-content/themes/busia/assets/js/ajax_add_to_cart8941.js]
[klariselaundry.co.id/layanan-cuci-kering-lipat/index.html]
[klariselaundry.co.id/wp-content/themes/busia/assets/css/busia-all.min5bef.css]
[klariselaundry.co.id/wp-content/themes/busia/assets/css/busia-menu5bef.css]
[klariselaundry.co.id/wp-content/themes/busia/assets/css/busia-custom5bef.css]
[klariselaundry.co.id/wp-content/themes/busia/style5bef.css]
[klariselaundry.co.id/wp-content/uploads/elementor/css/post-691260a.css]
[klariselaundry.co.id/wp-json/wp/v2/pages/691.json]
[klariselaundry.co.id/wp-json/oembed/1.0/embed28cb.json]
[klariselaundry.co.id/wp-json/oembed/1.0/embed0316]
[klariselaundry.co.id/wp-content/uploads/2024/06/Setrika-Only.jpg]
[klariselaundry.co.id/wp-content/uploads/2024/06/Layanan-Setrika-Only.jpg]
[klariselaundry.co.id/wp-content/themes/busia/assets/js/busia-custom5bef.js]
[klariselaundry.co.id/wp-content/themes/busia/assets/js/swiper.min5bef.js]
[klariselaundry.co.id/wp-content/themes/busia/assets/js/popper.min5bef.js]
[klariselaundry.co.id/wp-content/themes/busia/assets/js/bootstrap.min5bef.js]
[klariselaundry.co.id/wp-content/themes/busia/assets/js/menu-vendor5bef.js]
[klariselaundry.co.id/wp-content/themes/busia/assets/js/busia-app5bef.js]
[klariselaundry.co.id/wp-content/themes/busia/assets/js/busia-vertical-menu5bef.js]
[klariselaundry.co.id/wp-content/themes/busia/assets/js/jquery.matchHeight-min5bef.js]
[klariselaundry.co.id/wp-content/themes/busia/assets/js/popup-video5bef.js]
[klariselaundry.co.id/wp-content/themes/busia/assets/js/fancy-box5bef.js]
[klariselaundry.co.id/wp-content/themes/busia/assets/js/sweetalert.min5bef.js]
[klariselaundry.co.id/wp-content/themes/busia/assets/js/ajax_add_to_cart5bef.js]
[klariselaundry.co.id/layanan-setrika-only/index.html]
[klariselaundry.co.id/wp-content/themes/busia/assets/css/busia-all.mind0af.css]
[klariselaundry.co.id/wp-content/themes/busia/assets/css/busia-menud0af.css]
[klariselaundry.co.id/wp-content/themes/busia/styled0af.css]
[klariselaundry.co.id/wp-content/themes/busia/assets/css/busia-customd0af.css]
[klariselaundry.co.id/wp-content/uploads/elementor/css/post-168ed36.css]
[klariselaundry.co.id/wp-json/wp/v2/pages/168.json]
[klariselaundry.co.id/wp-json/oembed/1.0/embed2986.json]
[klariselaundry.co.id/wp-json/oembed/1.0/embed017d]
[klariselaundry.co.id/wp-content/uploads/2024/06/1-img-klarise-laundry.jpg]
[klariselaundry.co.id/wp-content/uploads/2024/06/2-img-klarise-laundry.jpg]
[klariselaundry.co.id/wp-content/uploads/2024/06/03-Klarise-Laundry-SaveTime.png]
[klariselaundry.co.id/wp-content/uploads/2024/06/Layanan-Cuci-Kering-Setrika.jpg]
[klariselaundry.co.id/wp-content/uploads/2024/06/Cuci-Kering-Lipat-Klarise-Laundry.jpg]
[klariselaundry.co.id/wp-content/uploads/2024/06/Layanan-Setrika-Only-Klarise-Laundry.jpg]
[klariselaundry.co.id/wp-content/themes/busia/assets/js/busia-customd0af.js]
[klariselaundry.co.id/wp-content/themes/busia/assets/js/swiper.mind0af.js]
[klariselaundry.co.id/wp-content/themes/busia/assets/js/popper.mind0af.js]
[klariselaundry.co.id/wp-content/themes/busia/assets/js/bootstrap.mind0af.js]
[klariselaundry.co.id/wp-content/themes/busia/assets/js/menu-vendord0af.js]
[klariselaundry.co.id/wp-content/themes/busia/assets/js/busia-appd0af.js]
[klariselaundry.co.id/wp-content/themes/busia/assets/js/busia-vertical-menud0af.js]
[klariselaundry.co.id/wp-content/themes/busia/assets/js/jquery.matchHeight-mind0af.js]
[klariselaundry.co.id/wp-content/themes/busia/assets/js/popup-videod0af.js]
[klariselaundry.co.id/wp-content/themes/busia/assets/js/fancy-boxd0af.js]
[klariselaundry.co.id/wp-content/themes/busia/assets/js/sweetalert.mind0af.js]
[klariselaundry.co.id/wp-content/themes/busia/assets/js/ajax_add_to_cartd0af.js]
[klariselaundry.co.id/service/index.html]
[klariselaundry.co.id/wp-content/themes/busia/assets/css/busia-all.minf89b.css]
[klariselaundry.co.id/wp-content/themes/busia/assets/css/busia-menuf89b.css]
[klariselaundry.co.id/wp-content/themes/busia/assets/css/busia-customf89b.css]
[klariselaundry.co.id/wp-content/themes/busia/stylef89b.css]
[klariselaundry.co.id/wp-content/uploads/elementor/css/post-1747a3b.css]
[klariselaundry.co.id/wp-json/wp/v2/pages/174.json]
[klariselaundry.co.id/wp-json/oembed/1.0/embed61cf.json]
[klariselaundry.co.id/wp-json/oembed/1.0/embed4bad]
[klariselaundry.co.id/wp-content/themes/busia/assets/js/busia-customf89b.js]
[klariselaundry.co.id/wp-content/themes/busia/assets/js/swiper.minf89b.js]
[klariselaundry.co.id/wp-content/themes/busia/assets/js/popper.minf89b.js]
[klariselaundry.co.id/wp-content/themes/busia/assets/js/bootstrap.minf89b.js]
[klariselaundry.co.id/wp-content/themes/busia/assets/js/busia-appf89b.js]
[klariselaundry.co.id/wp-content/themes/busia/assets/js/menu-vendorf89b.js]
[klariselaundry.co.id/wp-content/themes/busia/assets/js/busia-vertical-menuf89b.js]
[klariselaundry.co.id/wp-content/themes/busia/assets/js/jquery.matchHeight-minf89b.js]
[klariselaundry.co.id/wp-content/themes/busia/assets/js/popup-videof89b.js]
[klariselaundry.co.id/wp-content/themes/busia/assets/js/fancy-boxf89b.js]
[klariselaundry.co.id/wp-content/themes/busia/assets/js/sweetalert.minf89b.js]
[klariselaundry.co.id/wp-content/themes/busia/assets/js/ajax_add_to_cartf89b.js]
[klariselaundry.co.id/contact/index.html]
[klariselaundry.co.id/wp-content/plugins/elementor/assets/css/widget-icon-list.min.css]
[klariselaundry.co.id/wp-content/plugins/elementor-pro/assets/css/widget-flip-box.min.css]
[klariselaundry.co.id/wp-content/plugins/elementor/assets/css/widget-icon-box.min.css]
[klariselaundry.co.id/wp-content/plugins/elementor-pro/assets/css/widget-carousel.min.css]
[klariselaundry.co.id/wp-content/themes/busia/assets/css/busia-all.min375d.css]
[klariselaundry.co.id/wp-content/themes/busia/assets/css/busia-menu375d.css]
[klariselaundry.co.id/wp-content/themes/busia/assets/css/busia-custom375d.css]
[klariselaundry.co.id/wp-content/themes/busia/style375d.css]
[klariselaundry.co.id/wp-json/wp/v2/pages/267.json]
[klariselaundry.co.id/wp-json/oembed/1.0/embed3ff5.json]
[klariselaundry.co.id/wp-json/oembed/1.0/embed8b44]
[klariselaundry.co.id/wp-content/themes/busia/assets/js/busia-custom375d.js]
[klariselaundry.co.id/wp-content/themes/busia/assets/js/swiper.min375d.js]
[klariselaundry.co.id/wp-content/themes/busia/assets/js/popper.min375d.js]
[klariselaundry.co.id/wp-content/themes/busia/assets/js/bootstrap.min375d.js]
[klariselaundry.co.id/wp-content/themes/busia/assets/js/busia-app375d.js]
[klariselaundry.co.id/wp-content/themes/busia/assets/js/menu-vendor375d.js]
[klariselaundry.co.id/wp-content/themes/busia/assets/js/busia-vertical-menu375d.js]
[klariselaundry.co.id/wp-content/themes/busia/assets/js/jquery.matchHeight-min375d.js]
[klariselaundry.co.id/wp-content/themes/busia/assets/js/popup-video375d.js]
[klariselaundry.co.id/wp-content/themes/busia/assets/js/fancy-box375d.js]
[klariselaundry.co.id/wp-content/themes/busia/assets/js/sweetalert.min375d.js]
[klariselaundry.co.id/wp-content/themes/busia/assets/js/ajax_add_to_cart375d.js]
[klariselaundry.co.id/privacy-policy/index.html]
[klariselaundry.co.id/wp-content/themes/busia/assets/css/busia-all.min27da.css]
[klariselaundry.co.id/wp-content/themes/busia/assets/css/busia-menu27da.css]
[klariselaundry.co.id/wp-content/themes/busia/style27da.css]
[klariselaundry.co.id/wp-content/themes/busia/assets/css/busia-custom27da.css]
[klariselaundry.co.id/wp-content/uploads/elementor/css/post-5939d00.css]
[klariselaundry.co.id/wp-json/wp/v2/pages/593.json]
[klariselaundry.co.id/wp-json/oembed/1.0/embed2ffe.json]
[klariselaundry.co.id/wp-json/oembed/1.0/embedf13e]
[klariselaundry.co.id/wp-content/themes/busia/assets/js/busia-custom27da.js]
[klariselaundry.co.id/wp-content/themes/busia/assets/js/swiper.min27da.js]
[klariselaundry.co.id/wp-content/themes/busia/assets/js/popper.min27da.js]
[klariselaundry.co.id/wp-content/themes/busia/assets/js/bootstrap.min27da.js]
[klariselaundry.co.id/wp-content/themes/busia/assets/js/busia-app27da.js]
[klariselaundry.co.id/wp-content/themes/busia/assets/js/menu-vendor27da.js]
[klariselaundry.co.id/wp-content/themes/busia/assets/js/busia-vertical-menu27da.js]
[klariselaundry.co.id/wp-content/themes/busia/assets/js/jquery.matchHeight-min27da.js]
[klariselaundry.co.id/wp-content/themes/busia/assets/js/popup-video27da.js]
[klariselaundry.co.id/wp-content/themes/busia/assets/js/fancy-box27da.js]
[klariselaundry.co.id/wp-content/themes/busia/assets/js/sweetalert.min27da.js]
[klariselaundry.co.id/wp-content/themes/busia/assets/js/ajax_add_to_cart27da.js]
[klariselaundry.co.id/term-of-services/index.html]
[klariselaundry.co.id/wp-content/plugins/elementor/assets/lib/animations/animations.min5f06.css]
[klariselaundry.co.id/wp-content/plugins/elementor/assets/lib/e-gallery/css/e-gallery.min7359.css]
[klariselaundry.co.id/wp-content/uploads/elementor/css/post-424b594.css]
[klariselaundry.co.id/wp-content/plugins/3d-flipbook-dflip-lite/assets/index.html]
[klariselaundry.co.id/wp-content/plugins/litespeed-cache/guest.vary.html]
[klariselaundry.co.id/wp-content/themes/busia/assets/css/busia-all.min63c8.css]
[klariselaundry.co.id/wp-content/themes/busia/assets/css/busia-menu63c8.css]
[klariselaundry.co.id/wp-content/themes/busia/assets/css/busia-custom63c8.css]
[klariselaundry.co.id/wp-content/themes/busia/style63c8.css]
[klariselaundry.co.id/wp-content/themes/busia/assets/images/customizer/chevron-down.svg]
[klariselaundry.co.id/wp-content/themes/busia/assets/css/service-box-img/search-white.svg]
[klariselaundry.co.id/wp-content/themes/busia/assets/images/customizer/search-white.svg]
[klariselaundry.co.id/wp-content/themes/busia/assets/images/customizer/chat.svg]
[klariselaundry.co.id/wp-content/themes/busia/assets/images/customizer/chevron-right.svg]
[klariselaundry.co.id/wp-content/themes/busia/assets/images/customizer/chevron-left.svg]
[klariselaundry.co.id/wp-content/themes/busia/assets/images/customizer/check-w.svg]
[klariselaundry.co.id/wp-content/themes/busia/assets/images/heart-woocommerce.html]
[klariselaundry.co.id/wp-content/themes/busia/assets/images/eye-woocommerce.html]
[klariselaundry.co.id/wp-content/themes/busia/assets/images/heart-woocommerce-white.html]
[klariselaundry.co.id/wp-content/themes/busia/assets/images/eye-woocommerce-white.html]
[klariselaundry.co.id/wp-content/themes/busia/assets/images/shopping-bag-woocommerce-white.html]
[klariselaundry.co.id/wp-content/themes/busia/assets/images/shopping-bag-woocommerce.html]
[klariselaundry.co.id/wp-content/themes/busia/assets/images/customizer/plus.svg]
[klariselaundry.co.id/wp-content/themes/busia/assets/images/customizer/minus.svg]
[klariselaundry.co.id/wp-content/themes/busia/assets/images/tick.html]
[klariselaundry.co.id/wp-content/themes/busia/assets/images/chevron-down.svg]
[klariselaundry.co.id/wp-content/themes/busia/assets/images/customizer/pin-icon.svg]
[klariselaundry.co.id/wp-content/themes/busia/assets/images/customizer/chevron-left-blue.svg]
[klariselaundry.co.id/wp-content/themes/busia/assets/images/customizer/chevron-left-wht-one.svg]
[klariselaundry.co.id/wp-content/themes/busia/assets/images/customizer/chevron-right-blue.svg]
[klariselaundry.co.id/wp-content/themes/busia/assets/images/customizer/chevron-right-wht-one.svg]
[klariselaundry.co.id/wp-content/plugins/elementor/assets/lib/font-awesome/webfonts/fa-brands-400.svg]
[klariselaundry.co.id/wp-content/plugins/elementor/assets/lib/font-awesome/webfonts/fa-regular-400.svg]
[klariselaundry.co.id/wp-content/plugins/elementor/assets/lib/font-awesome/webfonts/fa-solid-900.svg]
[klariselaundry.co.id/wp-content/themes/busia/assets/css/busia-all.min8c6f.css]
[klariselaundry.co.id/wp-content/themes/busia/assets/css/busia-menu8c6f.css]
[klariselaundry.co.id/wp-content/themes/busia/assets/css/busia-custom8c6f.css]
[klariselaundry.co.id/wp-content/themes/busia/style8c6f.css]
[klariselaundry.co.id/wp-content/uploads/elementor/css/post-1414eed.css]
[klariselaundry.co.id/index269b.html]
[klariselaundry.co.id/about/https_/klariselaundry.co.id/wp-content/uploads/2024/06/paxi.html]
[klariselaundry.co.id/about/https_/klariselaundry.co.id/wp-content/uploads/2024/06/Serene.html]
[klariselaundry.co.id/about/https_/klariselaundry.co.id/wp-content/uploads/2024/06/urabnview.html]
[klariselaundry.co.id/about/https_/klariselaundry.co.id/wp-content/uploads/2024/06/Jessica-Beauty-Klinik.html]
[klariselaundry.co.id/about/https_/klariselaundry.co.id/wp-content/uploads/2024/06/PAxi1.html]
[klariselaundry.co.id/about/https_/klariselaundry.co.id/wp-content/uploads/2024/06/yi-tiao-xian.html]
[klariselaundry.co.id/about/https_/klariselaundry.co.id/wp-content/uploads/2024/06/pop-my-nail.html]
[klariselaundry.co.id/about/https_/klariselaundry.co.id/wp-content/uploads/2024/06/fivestar.html]
[klariselaundry.co.id/about/https_/klariselaundry.co.id/wp-content/uploads/2024/06/bamboo.html]
[klariselaundry.co.id/wp-content/themes/busia/assets/css/busia-all.min423c.css]
[klariselaundry.co.id/wp-content/themes/busia/assets/css/busia-menu423c.css]
[klariselaundry.co.id/wp-content/themes/busia/assets/css/busia-custom423c.css]
[klariselaundry.co.id/wp-content/themes/busia/style423c.css]
[klariselaundry.co.id/wp-content/uploads/2024/06/bg-kontak-klarise-laundry.jpg]
[klariselaundry.co.id/wp-content/uploads/2024/06/Keunggulan-Klarise-Laundry.jpg]
[klariselaundry.co.id/wp-content/uploads/elementor/css/post-631f85d.css]
[klariselaundry.co.id/indexa123.html]
[klariselaundry.co.id/wp-content/themes/busia/assets/css/busia-all.min8941.css]
[klariselaundry.co.id/wp-content/themes/busia/assets/css/busia-menu8941.css]
[klariselaundry.co.id/wp-content/themes/busia/assets/css/busia-custom8941.css]
[klariselaundry.co.id/wp-content/themes/busia/style8941.css]
[klariselaundry.co.id/wp-content/uploads/2024/06/Layanan-Cuci-Kering-Lipat-Klarise-Laundry.jpg]
[klariselaundry.co.id/wp-content/uploads/elementor/css/post-673d7ff.css]
[klariselaundry.co.id/index8631.html]
[klariselaundry.co.id/wp-content/themes/busia/assets/css/busia-all.min5bef.css]
[klariselaundry.co.id/wp-content/themes/busia/assets/css/busia-menu5bef.css]
[klariselaundry.co.id/wp-content/themes/busia/assets/css/busia-custom5bef.css]
[klariselaundry.co.id/wp-content/themes/busia/style5bef.css]
[klariselaundry.co.id/wp-content/uploads/2024/06/bg-layanan-setrika-only-klarise-laundry.jpg]
[klariselaundry.co.id/wp-content/uploads/elementor/css/post-691260a.css]
[klariselaundry.co.id/index2025.html]
[klariselaundry.co.id/wp-content/themes/busia/assets/css/busia-all.mind0af.css]
[klariselaundry.co.id/wp-content/themes/busia/assets/css/busia-menud0af.css]
[klariselaundry.co.id/wp-content/themes/busia/assets/css/busia-customd0af.css]
[klariselaundry.co.id/wp-content/themes/busia/styled0af.css]
[klariselaundry.co.id/wp-content/uploads/elementor/css/post-168ed36.css]
[klariselaundry.co.id/indexada0.html]
[klariselaundry.co.id/wp-content/themes/busia/assets/css/busia-all.minf89b.css]
[klariselaundry.co.id/wp-content/themes/busia/assets/css/busia-menuf89b.css]
[klariselaundry.co.id/wp-content/themes/busia/assets/css/busia-customf89b.css]
[klariselaundry.co.id/wp-content/themes/busia/stylef89b.css]
[klariselaundry.co.id/wp-content/uploads/elementor/css/post-1747a3b.css]
[klariselaundry.co.id/index0325.html]
[klariselaundry.co.id/wp-content/themes/busia/assets/css/busia-all.min375d.css]
[klariselaundry.co.id/wp-content/themes/busia/assets/css/busia-menu375d.css]
[klariselaundry.co.id/wp-content/themes/busia/assets/css/busia-custom375d.css]
[klariselaundry.co.id/wp-content/themes/busia/style375d.css]
[klariselaundry.co.id/wp-content/uploads/elementor/css/post-2675480.css]
[klariselaundry.co.id/index3786.html]
[klariselaundry.co.id/wp-content/themes/busia/assets/css/busia-all.min27da.css]
[klariselaundry.co.id/wp-content/themes/busia/assets/css/busia-menu27da.css]
[klariselaundry.co.id/wp-content/themes/busia/assets/css/busia-custom27da.css]
[klariselaundry.co.id/wp-content/themes/busia/style27da.css]
[klariselaundry.co.id/wp-content/uploads/elementor/css/post-5939d00.css]
[klariselaundry.co.id/index4808.html]
